[    0.000000] Initializing cgroup subsys cpuset
[    0.000000] Initializing cgroup subsys cpu
[    0.000000] Initializing cgroup subsys cpuacct
[    0.000000] Linux version 4.4.0-210-generic (buildd@lgw01-amd64-009) (gcc version 5.4.0 20160609 (Ubuntu 5.4.0-6ubuntu1~16.04.12) ) #242-Ubuntu SMP Fri Apr 16 09:57:56 UTC 2021 (Ubuntu 4.4.0-210.242-generic 4.4.262)
[    0.000000] Command line: BOOT_IMAGE=/boot/vmlinuz-4.4.0-210-generic root=LABEL=cloudimg-rootfs ro console=tty1 console=ttyS0
[    0.000000] KERNEL supported cpus:
[    0.000000]   Intel GenuineIntel
[    0.000000]   AMD AuthenticAMD
[    0.000000]   Centaur CentaurHauls
[    0.000000] [Firmware Bug]: TSC doesn't count with P0 frequency!
[    0.000000] x86/fpu: Legacy x87 FPU detected.
[    0.000000] e820: BIOS-provided physical RAM map:
[    0.000000] BIOS-e820: [mem 0x0000000000000000-0x000000000009fbff] usable
[    0.000000] BIOS-e820: [mem 0x000000000009fc00-0x000000000009ffff] reserved
[    0.000000] BIOS-e820: [mem 0x00000000000f0000-0x00000000000fffff] reserved
[    0.000000] BIOS-e820: [mem 0x0000000000100000-0x000000003ffeffff] usable
[    0.000000] BIOS-e820: [mem 0x000000003fff0000-0x000000003fffffff] ACPI data
[    0.000000] BIOS-e820: [mem 0x00000000fec00000-0x00000000fec00fff] reserved
[    0.000000] BIOS-e820: [mem 0x00000000fee00000-0x00000000fee00fff] reserved
[    0.000000] BIOS-e820: [mem 0x00000000fffc0000-0x00000000ffffffff] reserved
[    0.000000] NX (Execute Disable) protection: active
[    0.000000] SMBIOS 2.5 present.
[    0.000000] Hypervisor detected: KVM
[    0.000000] Kernel/User page tables isolation: disabled
[    0.000000] e820: last_pfn = 0x3fff0 max_arch_pfn = 0x400000000
[    0.000000] MTRR: Disabled
[    0.000000] x86/PAT: MTRRs disabled, skipping PAT initialization too.
[    0.000000] CPU MTRRs all blank - virtualized system.
[    0.000000] x86/PAT: Configuration [0-7]: WB  WT  UC- UC  WB  WT  UC- UC  
[    0.000000] found SMP MP-table at [mem 0x0009fff0-0x0009ffff] mapped at [ffff88000009fff0]
[    0.000000] Scanning 1 areas for low memory corruption
[    0.000000] RAMDISK: [mem 0x362dc000-0x37165fff]
[    0.000000] ACPI: Early table checksum verification disabled
[    0.000000] ACPI: RSDP 0x00000000000E0000 000024 (v02 VBOX  )
[    0.000000] ACPI: XSDT 0x000000003FFF0030 00003C (v01 VBOX   VBOXXSDT 00000001 ASL  00000061)
[    0.000000] ACPI: FACP 0x000000003FFF00F0 0000F4 (v04 VBOX   VBOXFACP 00000001 ASL  00000061)
[    0.000000] ACPI: DSDT 0x000000003FFF0470 002325 (v02 VBOX   VBOXBIOS 00000002 INTL 20100528)
[    0.000000] ACPI: FACS 0x000000003FFF0200 000040
[    0.000000] ACPI: FACS 0x000000003FFF0200 000040
[    0.000000] ACPI: APIC 0x000000003FFF0240 00005C (v02 VBOX   VBOXAPIC 00000001 ASL  00000061)
[    0.000000] ACPI: SSDT 0x000000003FFF02A0 0001CC (v01 VBOX   VBOXCPUT 00000002 INTL 20100528)
[    0.000000] No NUMA configuration found
[    0.000000] Faking a node at [mem 0x0000000000000000-0x000000003ffeffff]
[    0.000000] NODE_DATA(0) allocated [mem 0x3ffeb000-0x3ffeffff]
[    0.000000] kvm-clock: Using msrs 4b564d01 and 4b564d00
[    0.000000] kvm-clock: cpu 0, msr 0:3ffe3001, primary cpu clock
[    0.000000] kvm-clock: using sched offset of 5117222509 cycles
[    0.000000] clocksource: kvm-clock: mask: 0xffffffffffffffff max_cycles: 0x1cd42e4dffb, max_idle_ns: 881590591483 ns
[    0.000000] Zone ranges:
[    0.000000]   DMA      [mem 0x0000000000001000-0x0000000000ffffff]
[    0.000000]   DMA32    [mem 0x0000000001000000-0x000000003ffeffff]
[    0.000000]   Normal   empty
[    0.000000]   Device   empty
[    0.000000] Movable zone start for each node
[    0.000000] Early memory node ranges
[    0.000000]   node   0: [mem 0x0000000000001000-0x000000000009efff]
[    0.000000]   node   0: [mem 0x0000000000100000-0x000000003ffeffff]
[    0.000000] Initmem setup node 0 [mem 0x0000000000001000-0x000000003ffeffff]
[    0.000000] ACPI: PM-Timer IO Port: 0x4008
[    0.000000] IOAPIC[0]: apic_id 2, version 32, address 0xfec00000, GSI 0-23
[    0.000000] ACPI: INT_SRC_OVR (bus 0 bus_irq 0 global_irq 2 dfl dfl)
[    0.000000] ACPI: INT_SRC_OVR (bus 0 bus_irq 9 global_irq 9 low level)
[    0.000000] Using ACPI (MADT) for SMP configuration information
[    0.000000] smpboot: Allowing 2 CPUs, 0 hotplug CPUs
[    0.000000] PM: Registered nosave memory: [mem 0x00000000-0x00000fff]
[    0.000000] PM: Registered nosave memory: [mem 0x0009f000-0x0009ffff]
[    0.000000] PM: Registered nosave memory: [mem 0x000a0000-0x000effff]
[    0.000000] PM: Registered nosave memory: [mem 0x000f0000-0x000fffff]
[    0.000000] e820: [mem 0x40000000-0xfebfffff] available for PCI devices
[    0.000000] Booting paravirtualized kernel on KVM
[    0.000000] clocksource: refined-jiffies: mask: 0xffffffff max_cycles: 0xffffffff, max_idle_ns: 7645519600211568 ns
[    0.000000] setup_percpu: NR_CPUS:512 nr_cpumask_bits:512 nr_cpu_ids:2 nr_node_ids:1
[    0.000000] PERCPU: Embedded 33 pages/cpu @ffff88003fc00000 s95192 r8192 d31784 u1048576
[    0.000000] Built 1 zonelists in Node order, mobility grouping on.  Total pages: 257912
[    0.000000] Policy zone: DMA32
[    0.000000] Kernel command line: BOOT_IMAGE=/boot/vmlinuz-4.4.0-210-generic root=LABEL=cloudimg-rootfs ro console=tty1 console=ttyS0
[    0.000000] PID hash table entries: 4096 (order: 3, 32768 bytes)
[    0.000000] Memory: 997792K/1048120K available (8644K kernel code, 1332K rwdata, 4044K rodata, 1492K init, 1164K bss, 50328K reserved, 0K cma-reserved)
[    0.000000] SLUB: HWalign=64, Order=0-3, MinObjects=0, CPUs=2, Nodes=1
[    0.000000] Hierarchical RCU implementation.
[    0.000000] 	Build-time adjustment of leaf fanout to 64.
[    0.000000] 	RCU restricting CPUs from NR_CPUS=512 to nr_cpu_ids=2.
[    0.000000] RCU: Adjusting geometry for rcu_fanout_leaf=64, nr_cpu_ids=2
[    0.000000] NR_IRQS:33024 nr_irqs:440 16
[    0.000000] Console: colour VGA+ 80x25
[    0.000000] console [tty1] enabled
[    0.000000] console [ttyS0] enabled
[    0.000000] tsc: Detected 2595.008 MHz processor
[    1.017106] Calibrating delay loop (skipped) preset value.. 5190.01 BogoMIPS (lpj=10380032)
[    1.030119] pid_max: default: 32768 minimum: 301
[    1.037381] ACPI: Core revision 20150930
[    1.046426] ACPI: 2 ACPI AML tables successfully acquired and loaded
[    1.057760] Security Framework initialized
[    1.071529] Yama: becoming mindful.
[    1.079829] AppArmor: AppArmor initialized
[    1.087777] Dentry cache hash table entries: 131072 (order: 8, 1048576 bytes)
[    1.117385] Inode-cache hash table entries: 65536 (order: 7, 524288 bytes)
[    1.135353] Mount-cache hash table entries: 2048 (order: 2, 16384 bytes)
[    1.150685] Mountpoint-cache hash table entries: 2048 (order: 2, 16384 bytes)
[    1.169216] Initializing cgroup subsys io
[    1.180719] Initializing cgroup subsys memory
[    1.193137] Initializing cgroup subsys devices
[    1.204064] Initializing cgroup subsys freezer
[    1.212898] Initializing cgroup subsys net_cls
[    1.221219] Initializing cgroup subsys perf_event
[    1.230834] Initializing cgroup subsys net_prio
[    1.238525] Initializing cgroup subsys hugetlb
[    1.246093] Initializing cgroup subsys pids
[    1.254235] mce: CPU supports 0 MCE banks
[    1.260859] Last level iTLB entries: 4KB 1024, 2MB 1024, 4MB 512
[    1.272978] Last level dTLB entries: 4KB 1536, 2MB 1536, 4MB 768, 1GB 0
[    1.296125] Spectre V1 : Mitigation: usercopy/swapgs barriers and __user pointer sanitization
[    1.316466] Spectre V2 : Spectre mitigation: LFENCE not serializing, switching to generic retpoline
[    1.332093] Spectre V2 : Mitigation: Full generic retpoline
[    1.341623] Spectre V2 : Spectre v2 / SpectreRSB mitigation: Filling RSB on context switch
[    1.357481] Speculative Store Bypass: Mitigation: Speculative Store Bypass disabled via prctl and seccomp
[    1.436131] Freeing SMP alternatives memory: 36K
[    1.595504] ftrace: allocating 32380 entries in 127 pages
[    2.706297] smpboot: APIC(0) Converting physical 0 to logical package 0
[    2.730840] smpboot: Max logical packages: 1
[    2.763889] ..TIMER: vector=0x30 apic1=0 pin1=2 apic2=-1 pin2=-1
[    2.893708] APIC calibration not consistent with PM-Timer: 101ms instead of 100ms
[    2.906119] APIC delta adjusted to PM-Timer: 6269980 (6341937)
[    2.915946] smpboot: CPU0: AMD Ryzen 3 3200U with Radeon Vega Mobile Gfx (family: 0x17, model: 0x18, stepping: 0x1)
[    2.933251] Performance Events: Broken PMU hardware detected, using software events only.
[    2.946041] Failed to access perfctr msr (MSR c0010007 is 0)
[    3.095739] KVM setup paravirtual spinlock
[    3.106978] x86: Booting SMP configuration:
[    3.113260] .... node  #0, CPUs:      #1
[    3.121837] kvm-clock: cpu 1, msr 0:3ffe3041, secondary cpu clock
[    3.130726] mce: CPU supports 0 MCE banks
[    3.136079] TSC synchronization [CPU#0 -> CPU#1]:
[    3.143853] Measured 141972 cycles TSC warp between CPUs, turning off TSC clock.
[    3.155759] tsc: Marking TSC unstable due to check_tsc_sync_source failed
[    3.166844] x86: Booted up 1 node, 2 CPUs
[    3.172929] smpboot: Total of 2 processors activated (10380.03 BogoMIPS)
[    3.188440] devtmpfs: initialized
[    3.201499] evm: security.selinux
[    3.211902] evm: security.SMACK64
[    3.222419] evm: security.SMACK64EXEC
[    3.230500] evm: security.SMACK64TRANSMUTE
[    3.237640] evm: security.SMACK64MMAP
[    3.244191] evm: security.ima
[    3.250970] evm: security.capability
[    3.258512] clocksource: jiffies: mask: 0xffffffff max_cycles: 0xffffffff, max_idle_ns: 7645041785100000 ns
[    3.275480] futex hash table entries: 512 (order: 3, 32768 bytes)
[    3.286392] pinctrl core: initialized pinctrl subsystem
[    3.297006] RTC time: 11:32:15, date: 06/09/22
[    3.307593] NET: Registered protocol family 16
[    0.440170] cpuidle: using governor ladder
[    0.456021] cpuidle: using governor menu
[    0.460000] PCCT header not found.
[    0.477661] ACPI: bus type PCI registered
[    0.480000] acpiphp: ACPI Hot Plug PCI Controller Driver version: 0.5
[    0.480000] PCI: Using configuration type 1 for base access
[    0.480000] PCI: Using configuration type 1 for extended access
[    0.541076] ACPI: Added _OSI(Module Device)
[    0.544000] ACPI: Added _OSI(Processor Device)
[    0.544000] ACPI: Added _OSI(3.0 _SCP Extensions)
[    0.544000] ACPI: Added _OSI(Processor Aggregator Device)
[    0.545743] ACPI: Executed 1 blocks of module-level executable AML code
[    0.553563] ACPI: Interpreter enabled
[    0.556000] ACPI: (supports S0 S5)
[    0.556000] ACPI: Using IOAPIC for interrupt routing
[    0.556544] PCI: Using host bridge windows from ACPI; if necessary, use "pci=nocrs" and report a bug
[    0.576695] ACPI: PCI Root Bridge [PCI0] (domain 0000 [bus 00-ff])
[    0.580000] acpi PNP0A03:00: _OSC: OS supports [ExtendedConfig ASPM ClockPM Segments MSI]
[    0.582716] acpi PNP0A03:00: _OSC: platform does not support [PCIeCapability]
[    0.584987] acpi PNP0A03:00: _OSC: not requesting control; platform does not support [PCIeCapability]
[    0.588000] acpi PNP0A03:00: _OSC: OS requested [PCIeHotplug PME AER PCIeCapability]
[    0.588000] acpi PNP0A03:00: _OSC: platform willing to grant [PCIeHotplug PME AER]
[    0.588000] acpi PNP0A03:00: _OSC failed (AE_SUPPORT); disabling ASPM
[    0.589223] PCI host bridge to bus 0000:00
[    0.592000] pci_bus 0000:00: root bus resource [io  0x0000-0x0cf7 window]
[    0.592000] pci_bus 0000:00: root bus resource [io  0x0d00-0xffff window]
[    0.592000] pci_bus 0000:00: root bus resource [mem 0x000a0000-0x000bffff window]
[    0.592000] pci_bus 0000:00: root bus resource [mem 0x40000000-0xfdffffff window]
[    0.592000] pci_bus 0000:00: root bus resource [bus 00-ff]
[    0.599801] pci 0000:00:01.1: legacy IDE quirk: reg 0x10: [io  0x01f0-0x01f7]
[    0.600000] pci 0000:00:01.1: legacy IDE quirk: reg 0x14: [io  0x03f6]
[    0.600000] pci 0000:00:01.1: legacy IDE quirk: reg 0x18: [io  0x0170-0x0177]
[    0.600000] pci 0000:00:01.1: legacy IDE quirk: reg 0x1c: [io  0x0376]
[    0.619995] pci 0000:00:07.0: quirk: [io  0x4000-0x403f] claimed by PIIX4 ACPI
[    0.620000] pci 0000:00:07.0: quirk: [io  0x4100-0x410f] claimed by PIIX4 SMB
[    0.632000] ACPI: PCI Interrupt Link [LNKA] (IRQs 5 9 10 *11)
[    0.632763] ACPI: PCI Interrupt Link [LNKB] (IRQs 5 9 *10 11)
[    0.636000] ACPI: PCI Interrupt Link [LNKC] (IRQs 5 *9 10 11)
[    0.636000] ACPI: PCI Interrupt Link [LNKD] (IRQs 5 9 10 *11)
[    0.636000] ACPI: Enabled 2 GPEs in block 00 to 07
[    0.636080] vgaarb: setting as boot device: PCI:0000:00:02.0
[    0.640000] vgaarb: device added: PCI:0000:00:02.0,decodes=io+mem,owns=io+mem,locks=none
[    0.640000] vgaarb: loaded
[    0.640000] vgaarb: bridge control possible 0000:00:02.0
[    0.640000] SCSI subsystem initialized
[    0.640422] ACPI: bus type USB registered
[    0.644000] usbcore: registered new interface driver usbfs
[    0.644000] usbcore: registered new interface driver hub
[    0.644000] usbcore: registered new device driver usb
[    0.644518] PCI: Using ACPI for IRQ routing
[    0.648000] NetLabel: Initializing
[    0.648000] NetLabel:  domain hash size = 128
[    0.648000] NetLabel:  protocols = UNLABELED CIPSOv4
[    0.648000] NetLabel:  unlabeled traffic allowed by default
[    0.648190] amd_nb: Cannot enumerate AMD northbridges
[    0.652000] clocksource: Switched to clocksource kvm-clock
[    0.652000] AppArmor: AppArmor Filesystem Enabled
[    0.652000] pnp: PnP ACPI init
[    0.725285] pnp: PnP ACPI: found 3 devices
[    0.786074] clocksource: acpi_pm: mask: 0xffffff max_cycles: 0xffffff, max_idle_ns: 2085701024 ns
[    0.789023] NET: Registered protocol family 2
[    0.789023] TCP established hash table entries: 8192 (order: 4, 65536 bytes)
[    0.789023] TCP bind hash table entries: 8192 (order: 5, 131072 bytes)
[    0.789023] TCP: Hash tables configured (established 8192 bind 8192)
[    0.789023] UDP hash table entries: 512 (order: 2, 16384 bytes)
[    0.789023] UDP-Lite hash table entries: 512 (order: 2, 16384 bytes)
[    0.789023] NET: Registered protocol family 1
[    0.789023] pci 0000:00:00.0: Limiting direct PCI/PCI transfers
[    0.789023] pci 0000:00:01.0: Activating ISA DMA hang workarounds
[    0.789023] Unpacking initramfs...
[    1.612678] Freeing initrd memory: 14888K
[    1.612678] clocksource: tsc: mask: 0xffffffffffffffff max_cycles: 0x2567d04dccd, max_idle_ns: 440795311169 ns
[    1.612678] platform rtc_cmos: registered platform RTC device (no PNP device found)
[    1.612678] Scanning for low memory corruption every 60 seconds
[    1.666271] audit: initializing netlink subsys (disabled)
[    1.669043] audit: type=2000 audit(1654774340.540:1): initialized
[    1.669043] Initialise system trusted keyring
[    1.697105] HugeTLB registered 2 MB page size, pre-allocated 0 pages
[    1.700684] zbud: loaded
[    1.718092] VFS: Disk quotas dquot_6.6.0
[    1.720920] VFS: Dquot-cache hash table entries: 512 (order 0, 4096 bytes)
[    1.720920] squashfs: version 4.0 (2009/01/31) Phillip Lougher
[    1.748748] fuse init (API version 7.23)
[    1.756644] Key type big_key registered
[    1.759908] Allocating IMA MOK and blacklist keyrings.
[    1.798162] Key type asymmetric registered
[    1.802018] Asymmetric key parser 'x509' registered
[    1.802018] Block layer SCSI generic (bsg) driver version 0.4 loaded (major 249)
[    1.828383] io scheduler noop registered
[    1.831901] io scheduler deadline registered (default)
[    1.831901] io scheduler cfq registered
[    1.831901] pci_hotplug: PCI Hot Plug PCI Core version: 0.5
[    1.831901] pciehp: PCI Express Hot Plug Controller Driver version: 0.4
[    1.873082] ACPI: AC Adapter [AC] (off-line)
[    1.876689] input: Power Button as /devices/LNXSYSTM:00/LNXPWRBN:00/input/input0
[    1.876689] ACPI: Power Button [PWRF]
[    1.899231] input: Sleep Button as /devices/LNXSYSTM:00/LNXSLPBN:00/input/input1
[    1.902683] ACPI: Sleep Button [SLPF]
[    1.929011] GHES: HEST is not enabled!
[    1.931947] ACPI: Battery Slot [BAT0] (battery present)
[    1.949192] Serial: 8250/16550 driver, 32 ports, IRQ sharing enabled
[    1.952397] 00:02: ttyS0 at I/O 0x3f8 (irq = 4, base_baud = 115200) is a 16550A
[    2.064230] Linux agpgart interface v0.103
[    2.118124] loop: module loaded
[    2.128655] scsi host0: ata_piix
[    2.138841] scsi host1: ata_piix
[    2.142555] ata1: PATA max UDMA/33 cmd 0x1f0 ctl 0x3f6 bmdma 0xd000 irq 14
[    2.142555] ata2: PATA max UDMA/33 cmd 0x170 ctl 0x376 bmdma 0xd008 irq 15
[    2.164453] libphy: Fixed MDIO Bus: probed
[    2.164453] tun: Universal TUN/TAP device driver, 1.6
[    2.164453] tun: (C) 1999-2004 Max Krasnyansky <maxk@qualcomm.com>
[    2.196520] PPP generic driver version 2.4.2
[    2.205085] ehci_hcd: USB 2.0 'Enhanced' Host Controller (EHCI) Driver
[    2.208666] ehci-pci: EHCI PCI platform driver
[    2.208666] ehci-platform: EHCI generic platform driver
[    2.208666] ohci_hcd: USB 1.1 'Open' Host Controller (OHCI) Driver
[    2.208666] ohci-pci: OHCI PCI platform driver
[    2.208666] ohci-platform: OHCI generic platform driver
[    2.208666] uhci_hcd: USB Universal Host Controller Interface driver
[    2.208666] i8042: PNP: PS/2 Controller [PNP0303:PS2K,PNP0f03:PS2M] at 0x60,0x64 irq 1,12
[    2.295792] serio: i8042 KBD port at 0x60,0x64 irq 1
[    2.296559] serio: i8042 AUX port at 0x60,0x64 irq 12
[    2.296559] mousedev: PS/2 mouse device common for all mice
[    2.337210] rtc_cmos rtc_cmos: rtc core: registered rtc_cmos as rtc0
[    2.339360] rtc_cmos rtc_cmos: alarms up to one day, 114 bytes nvram
[    2.356887] i2c /dev entries driver
[    2.356887] device-mapper: uevent: version 1.0.3
[    2.356887] device-mapper: ioctl: 4.34.0-ioctl (2015-10-28) initialised: dm-devel@redhat.com
[    2.356887] ledtrig-cpu: registered to indicate activity on CPUs
[    2.428340] NET: Registered protocol family 10
[    2.436364] NET: Registered protocol family 17
[    2.437219] Key type dns_resolver registered
[    2.458681] registered taskstats version 1
[    2.459161] input: AT Translated Set 2 keyboard as /devices/platform/i8042/serio0/input/input2
[    2.462079] Loading compiled-in X.509 certificates
[    2.462079] Loaded X.509 cert 'Build time autogenerated kernel key: cf00e047681d67edb2720680708b7d9498083038'
[    2.462079] zswap: loaded using pool lzo/zbud
[    2.541961] Key type trusted registered
[    2.574204] Key type encrypted registered
[    2.578184] AppArmor: AppArmor sha1 policy hashing enabled
[    2.578184] ima: No TPM chip found, activating TPM-bypass!
[    2.578184] ima: Allocated hash algorithm: sha1
[    2.578184] evm: HMAC attrs: 0x1
[    2.628960]   Magic number: 10:319:529
[    2.632938] rtc_cmos rtc_cmos: setting system clock to 2022-06-09 11:32:18 UTC (1654774338)
[    2.657543] BIOS EDD facility v0.16 2004-Jun-25, 0 devices found
[    2.661272] EDD information not available.
[    2.689418] Freeing unused kernel memory: 1492K
[    2.716107] Write protecting the kernel read-only data: 14336k
[    2.727635] Freeing unused kernel memory: 1584K
[    2.735778] Freeing unused kernel memory: 52K
Loading, please wait...
[    2.801232] random: systemd-udevd: uninitialized urandom read (16 bytes read, 5 bits of entropy available)
starting version 229
[    2.814647] random: udevadm: uninitialized urandom read (16 bytes read, 5 bits of entropy available)
[    2.814702] random: udevadm: uninitialized urandom read (16 bytes read, 5 bits of entropy available)
[    2.841636] random: udevadm: uninitialized urandom read (16 bytes read, 5 bits of entropy available)
[    2.841766] random: udevadm: uninitialized urandom read (16 bytes read, 5 bits of entropy available)
[    2.842118] random: udevadm: uninitialized urandom read (16 bytes read, 5 bits of entropy available)
[    2.842215] random: udevadm: uninitialized urandom read (16 bytes read, 5 bits of entropy available)
[    2.842457] random: udevadm: uninitialized urandom read (16 bytes read, 5 bits of entropy available)
[    2.842558] random: udevadm: uninitialized urandom read (16 bytes read, 5 bits of entropy available)
[    2.842650] random: udevadm: uninitialized urandom read (16 bytes read, 5 bits of entropy available)
[    3.037465] e1000: Intel(R) PRO/1000 Network Driver - version 7.3.21-k8-NAPI
[    3.040998] e1000: Copyright (c) 1999-2006 Intel Corporation.
[    3.113409] Fusion MPT base driver 3.04.20
[    3.116217] Copyright (c) 1999-2008 LSI Corporation
[    3.726982] Fusion MPT SPI Host driver 3.04.20
[    4.506652] input: ImExPS/2 Generic Explorer Mouse as /devices/platform/i8042/serio1/input/input4
[    4.693477] e1000 0000:00:03.0 eth0: (PCI:33MHz:32-bit) 02:be:82:6b:cc:1d
[    4.697182] e1000 0000:00:03.0 eth0: Intel(R) PRO/1000 Network Connection
[    4.726254] mptbase: ioc0: Initiating bringup
[    4.839830] ioc0: LSI53C1030 A0: Capabilities={Initiator}
[    5.046286] scsi host2: ioc0: LSI53C1030 A0, FwRev=00000000h, Ports=1, MaxQ=256, IRQ=20
[    5.207791] scsi 2:0:0:0: Direct-Access     VBOX     HARDDISK         1.0  PQ: 0 ANSI: 5
[    5.212543] scsi target2:0:0: Beginning Domain Validation
[    5.266722] scsi target2:0:0: Domain Validation skipping write tests
[    5.268987] scsi target2:0:0: Ending Domain Validation
[    5.297362] scsi target2:0:0: asynchronous
[    5.382537] scsi 2:0:1:0: Direct-Access     VBOX     HARDDISK         1.0  PQ: 0 ANSI: 5
[    5.384992] scsi target2:0:1: Beginning Domain Validation
[    5.440346] scsi target2:0:1: Domain Validation skipping write tests
[    5.440346] scsi target2:0:1: Ending Domain Validation
[    5.487568] scsi target2:0:1: asynchronous
[    5.549085] sd 2:0:0:0: Attached scsi generic sg0 type 0
[    5.560633] sd 2:0:1:0: Attached scsi generic sg1 type 0
[    5.575222] sd 2:0:1:0: [sdb] 20480 512-byte logical blocks: (10.5 MB/10.0 MiB)
[    5.592297] sd 2:0:0:0: [sda] 83886080 512-byte logical blocks: (42.9 GB/40.0 GiB)
[    5.615872] sd 2:0:1:0: [sdb] Write Protect is off
[    5.627984] sd 2:0:0:0: [sda] Write Protect is off
[    5.639836] sd 2:0:1:0: [sdb] Incomplete mode parameter data
[    5.643104] sd 2:0:1:0: [sdb] Assuming drive cache: write through
[    5.666500] sd 2:0:0:0: [sda] Incomplete mode parameter data
[    5.669304] sd 2:0:0:0: [sda] Assuming drive cache: write through
[    5.713455]  sda: sda1
[    5.728762] sd 2:0:1:0: [sdb] Attached SCSI disk
[    5.742579] sd 2:0:0:0: [sda] Attached SCSI disk
[    6.576406] e1000 0000:00:08.0 eth1: (PCI:33MHz:32-bit) 08:00:27:f8:86:54
[    6.580211] e1000 0000:00:08.0 eth1: Intel(R) PRO/1000 Network Connection
[    6.604752] e1000 0000:00:08.0 enp0s8: renamed from eth1
[    6.630540] e1000 0000:00:03.0 enp0s3: renamed from eth0
Begin: Loading essential drivers ... [    8.899413] md: linear personality registered for level -1
[    8.923334] md: multipath personality registered for level -4
[    8.946365] md: raid0 personality registered for level 0
[    8.992080] md: raid1 personality registered for level 1
[    9.088166] raid6: sse2x1   gen()  4266 MB/s
[    9.092077] raid6: sse2x1   xor()  3734 MB/s
[    9.092077] raid6: sse2x2   gen()  7275 MB/s
[    9.092077] raid6: sse2x2   xor()  4789 MB/s
[    9.092077] raid6: sse2x4   gen()  9089 MB/s
[    9.092077] raid6: sse2x4   xor()  4195 MB/s
[    9.092077] raid6: using algorithm sse2x4 gen() 9089 MB/s
[    9.092077] raid6: .... xor() 4195 MB/s, rmw enabled
[    9.092077] raid6: using ssse3x2 recovery algorithm
[    9.507690] xor: measuring software checksum speed
[    9.508048]    prefetch64-sse:  8569.000 MB/sec
[    9.508048]    generic_sse:  8086.000 MB/sec
[    9.508048] xor: using function: prefetch64-sse (8569.000 MB/sec)
[    9.625265] async_tx: api initialized (async)
[    9.726316] md: raid6 personality registered for level 6
[    9.730168] md: raid5 personality registered for level 5
[    9.730168] md: raid4 personality registered for level 4
[    9.787947] md: raid10 personality registered for level 10
done.
Begin: Running /scripts/init-premount ... done.
Begin: Mounting root file system ... Begin: Running /scripts/local-top ... done.
Begin: Running /scripts/local-premount ... [    9.955198] Btrfs loaded
Scanning for Btrfs filesystems
done.
Warning: fsck not present, so skipping root file system
[   10.206151] EXT4-fs (sda1): mounted filesystem with ordered data mode. Opts: (null)
done.
Begin: Running /scripts/local-bottom ... done.
Begin: Running /scripts/init-bottom ... done.
[   10.648115] systemd[1]: systemd 229 running in system mode. (+PAM +AUDIT +SELINUX +IMA +APPARMOR +SMACK +SYSVINIT +UTMP +LIBCRYPTSETUP +GCRYPT +GNUTLS +ACL +XZ -LZ4 +SECCOMP +BLKID +ELFUTILS +KMOD -IDN)
[   10.648115] systemd[1]: Detected virtualization oracle.
[   10.648115] systemd[1]: Detected architecture x86-64.

Welcome to [1mUbuntu 16.04.7 LTS[0m!

[   10.703517] systemd[1]: Set hostname to <ubuntu-xenial>.
[   11.163358] systemd[1]: Listening on Journal Audit Socket.
[[0;32m  OK  [0m] Listening on Journal Audit Socket.
[   11.179248] systemd[1]: Listening on udev Control Socket.
[[0;32m  OK  [0m] Listening on udev Control Socket.
[   11.193313] systemd[1]: Reached target Encrypted Volumes.
[[0;32m  OK  [0m] Reached target Encrypted Volumes.
[   11.207314] systemd[1]: Listening on Journal Socket (/dev/log).
[[0;32m  OK  [0m] Listening on Journal Socket (/dev/log).
[   11.223009] systemd[1]: Listening on udev Kernel Socket.
[[0;32m  OK  [0m] Listening on udev Kernel Socket.
[   11.239711] systemd[1]: Created slice System Slice.
[[0;32m  OK  [0m] Created slice System Slice.
[   11.258601] systemd[1]: Started Forward Password Requests to Wall Directory Watch.
[[0;32m  OK  [0m] Started Forward Password Requests to Wall Directory Watch.
[   11.277995] systemd[1]: Created slice system-serial\x2dgetty.slice.
[[0;32m  OK  [0m] Created slice system-serial\x2dgetty.slice.
[   11.296734] systemd[1]: Reached target System Time Synchronized.
[[0;32m  OK  [0m] Reached target System Time Synchronized.
[   11.318123] systemd[1]: Listening on LVM2 metadata daemon socket.
[[0;32m  OK  [0m] Listening on LVM2 metadata daemon socket.
[   11.334491] systemd[1]: Reached target User and Group Name Lookups.
[[0;32m  OK  [0m] Reached target User and Group Name Lookups.
[   11.351000] systemd[1]: Listening on Device-mapper event daemon FIFOs.
[[0;32m  OK  [0m] Listening on Device-mapper event daemon FIFOs.
[   11.367878] systemd[1]: Listening on Syslog Socket.
[[0;32m  OK  [0m] Listening on Syslog Socket.
[   11.381848] systemd[1]: Started Trigger resolvconf update for networkd DNS.
[[0;32m  OK  [0m] Started Trigger resolvconf update for networkd DNS.
[   11.411523] systemd[1]: Listening on Journal Socket.
[[0;32m  OK  [0m] Listening on Journal Socket.
[   11.520919] systemd[1]: Starting Load Kernel Modules...
         Starting Load Kernel Modules...
[   11.555061] systemd[1]: Mounting Debug File System...
         Mounting Debug File System...
[   11.596268] systemd[1]: Mounting Huge Pages File System...
         Mounting Huge Pages File System...
[   11.627459] systemd[1]: Starting Create list of required static device nodes for the current kernel...
         Starting Create list of required st... nodes for the current kernel...
[   11.653579] Loading iSCSI transport class v2.0-870.
[   11.669475] systemd[1]: Starting Nameserver information manager...
         Starting Nameserver information manager...
[   11.691308] systemd[1]: Starting Monitoring of LVM2 mirrors, snapshots etc. using dmeventd or progress polling...
[   11.711074] random: nonblocking pool is initialized
         Starting Monitoring of LVM2 mirrors... dmeventd or progress polling...
[   11.729632] systemd[1]: Starting Uncomplicated firewall...
         Starting Uncomplicated firewall...
[   11.753227] systemd[1]: Starting Set console keymap...
         Starting Set console keymap...
[   11.776302] iscsi: registered transport (tcp)
[   11.780761] systemd[1]: Mounting POSIX Message Queue File System...
         Mounting POSIX Message Queue File System...
[   11.807496] systemd[1]: Reached target Swap.
[[0;32m  OK  [0m] Reached target Swap.
[   11.822663] systemd[1]: Listening on LVM2 poll daemon socket.
[[0;32m  OK  [0m] Listening on LVM2 poll daemon socket.
[   11.875843] systemd[1]: Starting Journal Service...
         Starting Journal Service...
[   11.893985] systemd[1]: Created slice User and Session Slice.
[[0;32m  OK  [0m] Created slice User and Session Slice.
[   11.950556] systemd[1]: Reached target Slices.
[[0;32m  OK  [0m] Reached target Slices.
[   11.984445] systemd[1]: Listening on /dev/initctl Compatibility Named Pipe.
[[0;32m  OK  [0m] Listening on /dev/initctl Compatibility Named Pipe.
[   12.016514] systemd[1]: Listening on fsck to fsckd communication Socket.
[[0;32m  OK  [0m] Listening on fsck to fsckd communication Socket.
[   12.062143] systemd[1]: Starting File System Check on Root Device...
         Starting File System Check on Root Device...
[   12.111657] systemd[1]: Set up automount Arbitrary Executable File Formats File System Automount Point.
[[0;32m  OK  [0m] Set up automount Arbitrary Executab...ats File System Automount Point.
[   12.157471] systemd[1]: Mounted Huge Pages File System.
[[0;32m  OK  [0m] Mounted Huge Pages File System.
[   12.193891] systemd[1]: Mounted POSIX Message Queue File System.
[[0;32m  OK  [0m] Mounted POSIX Message Queue File System.
[   12.214400] systemd[1]: Mounted Debug File System.
[   12.227943] iscsi: registered transport (iser)
[[0;32m  OK  [0m] Mounted Debug File System.
[   12.238535] systemd[1]: Started Journal Service.
[[0;32m  OK  [0m] Started Journal Service.
[[0;32m  OK  [0m] Started Load Kernel Modules.
[[0;32m  OK  [0m] Started Create list of required sta...ce nodes for the current kernel.
[[0;32m  OK  [0m] Started Uncomplicated firewall.
[[0;32m  OK  [0m] Started Set console keymap.
[[0;32m  OK  [0m] Started File System Check on Root Device.
[[0;32m  OK  [0m] Started Nameserver information manager.
[[0;32m  OK  [0m] Started LVM2 metadata daemon.
[[0;32m  OK  [0m] Started File System Check Daemon to report status.
         Starting Remount Root and Kernel File Systems...
[   12.442154] EXT4-fs (sda1): re-mounted. Opts: (null)
         Starting Create Static Device Nodes in /dev...
         Mounting FUSE Control File System...
         Starting Apply Kernel Variables...
[[0;32m  OK  [0m] Mounted FUSE Control File System.
[[0;32m  OK  [0m] Started Remount Root and Kernel File Systems.
         Starting Load/Save Random Seed...
         Starting udev Coldplug all Devices...
         Starting Flush Journal to Persistent Storage...
[[0;32m  OK  [0m] Started Create Static Device Nodes in /dev.
[[0;32m  OK  [0m] Started Apply Kernel Variables.
[[0;32m  OK  [0m] Started Load/Save Random Seed.
         Starting udev Kernel Device Manager...
[[0;32m  OK  [0m] Started Flush Journal to Persistent Storage.
[[0;32m  OK  [0m] Started udev Coldplug all Devices.
[[0;32m  OK  [0m] Started Monitoring of LVM2 mirrors,...ng dmeventd or progress polling.
[[0;32m  OK  [0m] Reached target Local File Systems (Pre).
[[0;32m  OK  [0m] Reached target Local File Systems.
         Starting Create Volatile Files and Directories...
         Starting LSB: AppArmor initialization...
         Starting Initial cloud-init job (pre-networking)...
         Starting Set console font and keymap...
         Starting Tell Plymouth To Write Out Runtime Data...
[[0;32m  OK  [0m] Started Tell Plymouth To Write Out Runtime Data.
[[0;32m  OK  [0m] Started udev Kernel Device Manager.
[[0;32m  OK  [0m] Started Dispatch Password Requests to Console Directory Watch.
[[0;32m  OK  [0m] Started Create Volatile Files and Directories.
         Starting Update UTMP about System Boot/Shutdown...
[[0;32m  OK  [0m] Started Update UTMP about System Boot/Shutdown.
[[0;32m  OK  [0m] Found device /dev/ttyS0.
[[0;32m  OK  [0m] Listening on Load/Save RF Kill Switch Status /dev/rfkill Watch.
[[0;32m  OK  [0m] Started LSB: AppArmor initialization.
         Starting Load AppArmor profiles managed internally by snapd...
[[0;32m  OK  [0m] Started Load AppArmor profiles managed internally by snapd.
[[0;32m  OK  [0m] Found device 82540EM Gigabit Ethern...r (PRO/1000 MT Desktop Adapter).
[[0;32m  OK  [0m] Found device 82540EM Gigabit Ethern...r (PRO/1000 MT Desktop Adapter).
[   18.986687] cloud-init[480]: Cloud-init v. 21.1-19-gbad84ad4-0ubuntu1~16.04.2 running 'init-local' at Thu, 09 Jun 2022 11:32:33 +0000. Up 17.97 seconds.
[[0;32m  OK  [0m] Started Initial cloud-init job (pre-networking).
[[0;32m  OK  [0m] Reached target Network (Pre).
[[0;32m  OK  [0m] Started ifup for enp0s3.
[[0;32m  OK  [0m] Started ifup for enp0s8.
         Starting Raise network interfaces...
[[0;32m  OK  [0m] Started Set console font and keymap.
[[0;32m  OK  [0m] Created slice system-getty.slice.
[[0;32m  OK  [0m] Started Raise network interfaces.
[[0;32m  OK  [0m] Reached target Network.
         Starting Initial cloud-init job (metadata service crawler)...
[   21.693823] cloud-init[1073]: Cloud-init v. 21.1-19-gbad84ad4-0ubuntu1~16.04.2 running 'init' at Thu, 09 Jun 2022 11:32:36 +0000. Up 21.06 seconds.
[   21.708651] cloud-init[1073]: ci-info: ++++++++++++++++++++++++++++++++++++++Net device info+++++++++++++++++++++++++++++++++++++++
[   21.722302] cloud-init[1073]: ci-info: +--------+------+-----------------------------+---------------+--------+-------------------+
[   21.736827] cloud-init[1073]: ci-info: | Device |  Up  |           Address           |      Mask     | Scope  |     Hw-Address    |
[   21.750818] cloud-init[1073]: ci-info: +--------+------+-----------------------------+---------------+--------+-------------------+
[   21.774146] cloud-init[1073]: ci-info: | enp0s3 | True |          10.0.2.15          | 255.255.255.0 | global | 02:be:82:6b:cc:1d |
[   21.790782] cloud-init[1073]: ci-info: | enp0s3 | True |  fe80::be:82ff:fe6b:cc1d/64 |       .       |  link  | 02:be:82:6b:cc:1d |
[   21.806697] cloud-init[1073]: ci-info: | enp0s8 | True |        192.168.10.100       | 255.255.255.0 | global | 08:00:27:f8:86:54 |
[   21.827250] cloud-init[1073]: ci-info: | enp0s8 | True | fe80::a00:27ff:fef8:8654/64 |       .       |  link  | 08:00:27:f8:86:54 |
[   21.839932] cloud-init[1073]: ci-info: |   lo   | True |          127.0.0.1          |   255.0.0.0   |  host  |         .         |
[[0;32m  OK  [0m] Started Initial cloud-init job (metadata service crawler).
[   21.850618] cloud-init[1073]: ci-info: |   lo   | True |           ::1/128           |       .       |  host  |         .         |
[   21.859279] cloud-init[1073]: ci-info: +--------+------+-----------------------------+---------------+--------+-------------------+
[   21.859368] cloud-init[1073]: ci-info: ++++++++++++++++++++++++++++Route IPv4 info++++++++++++++++++++++++++++
[   21.860618] cloud-init[1073]: ci-info: +-------+--------------+----------+---------------+-----------+-------+
[   21.861296] cloud-init[1073]: ci-info: | Route | Destination  | Gateway  |    Genmask    | Interface | Flags |
[   21.862079] cloud-init[1073]: ci-info: +-------+--------------+----------+---------------+-----------+-------+
[   21.862694] cloud-init[1073]: ci-info: |   0   |   0.0.0.0    | 10.0.2.2 |    0.0.0.0    |   enp0s3  |   UG  |
[   21.863499] cloud-init[1073]: ci-info: |   1   |   10.0.2.0   | 0.0.0.0  | 255.255.255.0 |   enp0s3  |   U   |
[   21.864168] cloud-init[1073]: ci-info: |   2   | 192.168.10.0 | 0.0.0.0  | 255.255.255.0 |   enp0s8  |   U   |
[   21.865373] cloud-init[1073]: ci-info: +-------+--------------+----------+---------------+-----------+-------+
[   21.866077] cloud-init[1073]: ci-info: +++++++++++++++++++Route IPv6 info+++++++++++++++++++
[   21.866766] cloud-init[1073]: ci-info: +-------+-------------+---------+-----------+-------+
[   21.867536] cloud-init[1073]: ci-info: | Route | Destination | Gateway | Interface | Flags |
[   21.868171] cloud-init[1073]: ci-info: +-------+-------------+---------+-----------+-------+
[   21.868957] cloud-init[1073]: ci-info: |   0   |  fe80::/64  |    ::   |   enp0s3  |   U   |
[   21.869888] cloud-init[1073]: ci-info: |   1   |  fe80::/64  |    ::   |   enp0s8  |   U   |
[   21.870568] cloud-init[1073]: ci-info: |   4   |   ff00::/8  |    ::   |   enp0s3  |   U   |
[   21.871236] cloud-init[1073]: ci-info: |   5   |   ff00::/8  |    ::   |   enp0s8  |   U   |
[   21.871868] cloud-init[1073]: ci-info: +-------+-------------+---------+-----------+-------+
[[0;32m  OK  [0m] Reached target Cloud-config availability.
[[0;32m  OK  [0m] Reached target Network is Online.
         Starting iSCSI initiator daemon (iscsid)...
[[0;32m  OK  [0m] Reached target System Initialization.
[[0;32m  OK  [0m] Listening on ACPID Listen Socket.
[[0;32m  OK  [0m] Started Daily Cleanup of Temporary Directories.
[[0;32m  OK  [0m] Started Daily apt download activities.
         Starting Socket activation for snappy daemon.
[[0;32m  OK  [0m] Started Daily apt upgrade and clean activities.
         Starting LXD - unix socket.
[[0;32m  OK  [0m] Listening on D-Bus System Message Bus Socket.
[[0;32m  OK  [0m] Started Message of the Day.
[[0;32m  OK  [0m] Listening on UUID daemon activation socket.
[[0;32m  OK  [0m] Started Trigger to poll for Ubuntu ...nly enabled on GCP LTS non-pro).
[[0;32m  OK  [0m] Started Ubuntu Advantage Timer for running repeated jobs.
[[0;32m  OK  [0m] Reached target Timers.
[[0;32m  OK  [0m] Started ACPI Events Check.
[[0;32m  OK  [0m] Reached target Paths.
[[0;32m  OK  [0m] Listening on Socket activation for snappy daemon.
[[0;32m  OK  [0m] Listening on LXD - unix socket.
[[0;32m  OK  [0m] Reached target Sockets.
[[0;32m  OK  [0m] Reached target Basic System.
         Starting A high performance web server and a reverse proxy server...
         Starting Login Service...
         Starting LSB: MD monitoring daemon...
         Starting Virtualbox guest utils...
[[0;32m  OK  [0m] Started D-Bus System Message Bus.
         Starting LXD - container startup/shutdown...
[[0;32m  OK  [0m] Started ACPI event daemon.
         Starting Accounts Service...
         Starting /etc/rc.local Compatibility...
         Starting System Logging Service...
         Starting LSB: Record successful boot for GRUB...
         Starting OpenBSD Secure Shell server...
[[0;32m  OK  [0m] Started Deferred execution scheduler.
[[0;32m  OK  [0m] Started FUSE filesystem for LXC.
[[0;32m  OK  [0m] Started Regular background program processing daemon.
         Starting Snap Daemon...
[[0;32m  OK  [0m] Started iSCSI initiator daemon (iscsid).
[[0;32m  OK  [0m] Started /etc/rc.local Compatibility.
         Starting Login to default iSCSI targets...
[[0;32m  OK  [0m] Started System Logging Service.
[[0;32m  OK  [0m] Started Login Service.
[[0;32m  OK  [0m] Started Unattended Upgrades Shutdown.
[[0;32m  OK  [0m] Started LSB: MD monitoring daemon.
[[0;32m  OK  [0m] Started A high performance web server and a reverse proxy server.
[[0;32m  OK  [0m] Started LSB: Record successful boot for GRUB.
[[0;32m  OK  [0m] Started OpenBSD Secure Shell server.
         Starting Authenticate and Authorize Users to Run Privileged Tasks...
[[0;32m  OK  [0m] Started Login to default iSCSI targets.
[[0;32m  OK  [0m] Reached target Remote File Systems (Pre).
         Mounting /home/vagrant/app...
[[0;32m  OK  [0m] Mounted /home/vagrant/app.
[[0;32m  OK  [0m] Reached target Remote File Systems.
         Starting LSB: Set the CPU Frequency Scaling governor to "ondemand"...
         Starting LSB: daemon to balance interrupts for SMP systems...
         Starting LSB: automatic crash report generation...
         Starting Permit User Sessions...
[[0;32m  OK  [0m] Started Authenticate and Authorize Users to Run Privileged Tasks.
[[0;32m  OK  [0m] Started Accounts Service.
[[0;32m  OK  [0m] Started Permit User Sessions.
         Starting Hold until boot process finishes up...
         Starting Terminate Plymouth Boot Screen...
[[0;32m  OK  [0m] Started LXD - container startup/shutdown.
[[0;32m  OK  [0m] Started Hold until boot process finishes up.
         Starting Set console scheme...
[[0;32m  OK  [0m] Started Getty on tty1.
[[0;32m  OK  [0m] Started Serial Getty on ttyS0.
[[0;32m  OK  [0m] Reached target Login Prompts.
[[0;32m  OK  [0m] Started Virtualbox guest utils.
[[0;32m  OK  [0m] Started LSB: Set the CPU Frequency Scaling governor to "ondemand".
[[0;32m  OK  [0m] Started Terminate Plymouth Boot Screen.
[[0;32m  OK  [0m] Started Set console scheme.
[[0;32m  OK  [0m] Started LSB: daemon to balance interrupts for SMP systems.
[[0;32m  OK  [0m] Started LSB: automatic crash report generation.
[[0;32m  OK  [0m] Created slice User Slice of vagrant.
         Starting User Manager for UID 1000...
[[0;32m  OK  [0m] Started Session 1 of user vagrant.
[[0;32m  OK  [0m] Started User Manager for UID 1000.
[[0;32m  OK  [0m] Started Snap Daemon.
         Starting Wait until snapd is fully seeded...
[[0;32m  OK  [0m] Started Wait until snapd is fully seeded.
[[0;32m  OK  [0m] Reached target Multi-User System.
[[0;32m  OK  [0m] Reached target Graphical Interface.
         Starting Update UTMP about System Runlevel Changes...
         Starting Apply the settings specified in cloud-config...
[[0;32m  OK  [0m] Started Update UTMP about System Runlevel Changes.
[   26.045076] cloud-init[1420]: Cloud-init v. 21.1-19-gbad84ad4-0ubuntu1~16.04.2 running 'modules:config' at Thu, 09 Jun 2022 11:32:41 +0000. Up 25.67 seconds.
[[0;32m  OK  [0m] Started Apply the settings specified in cloud-config.
         Starting Execute cloud user/final scripts...
[   27.517148] cloud-init[1433]: Cloud-init v. 21.1-19-gbad84ad4-0ubuntu1~16.04.2 running 'modules:final' at Thu, 09 Jun 2022 11:32:43 +0000. Up 27.14 seconds.
[   27.673565] cloud-init[1433]: Cloud-init v. 21.1-19-gbad84ad4-0ubuntu1~16.04.2 finished at Thu, 09 Jun 2022 11:32:43 +0000. Datasource DataSourceNoCloud [seed=/dev/sdb][dsmode=net].  Up 27.50 seconds
[[0;32m  OK  [0m] Started Execute cloud user/final scripts.
[[0;32m  OK  [0m] Reached target Cloud-init target.

Ubuntu 16.04.7 LTS ubuntu-xenial ttyS0

ubuntu-xenial login: 